// Jest Snapshot v1, https://goo.gl/fbAQLP

exports[`Testing InputDate Component InputDate matches snapshot: 1`] = `
<div
  class="form-group"
  value="Fri Jan 16 1970 15:39:06 GMT+0300 (Москва, стандартное время)"
>
  <div
    class="
            custom-control
            custom-switch
            custom-switch-off-danger
            custom-switch-on-success
        "
  >
    <input
      class="custom-control-input"
      id="1"
      type="checkbox"
    />
     
    <label
      class="custom-control-label"
      for="1"
    />
  </div>
</div>
`;
